cargo :    Compiling compiler_builtins v0.1.160 (C:\Users\aryav\.rustup\toolchains\nightly-x86_64-pc-windows-msvc\lib\r
ustlib\src\rust\library\compiler-builtins\compiler-builtins)
At line:1 char:1
+ cargo build 2>&1 | Out-File -FilePath "build_output.txt" -Encoding ut ...
+ ~~~~~~~~~~~~~~~~
    + CategoryInfo          : NotSpecified: (   Compiling co...piler-builtins):String) [], RemoteException
    + FullyQualifiedErrorId : NativeCommandError
 
   Compiling core v0.0.0 
(C:\Users\aryav\.rustup\toolchains\nightly-x86_64-pc-windows-msvc\lib\rustlib\src\rust\library\core)
   Compiling av_os v0.1.0 (C:\Users\aryav\Projects\OS in Rust\av_os)
    Finished `dev` profile [unoptimized + debuginfo] target(s) in 41.77s
